// Jest Snapshot v1, https://goo.gl/fbAQLP

exports[`Should render Header correctly 1`] = `
<div>
  <Row
    gutter={0}
    style={
      Object {
        "backgroundColor": "#ADD6FF",
        "paddingTop": 10,
      }
    }
  >
    <Col
      md={
        Object {
          "offset": 6,
          "span": 6,
        }
      }
      xs={
        Object {
          "offset": 2,
          "span": 20,
        }
      }
    >
      <h1>
        Test title
      </h1>
    </Col>
  </Row>
</div>
`;
